// Jest Snapshot v1, https://goo.gl/fbAQLP

exports[`ClientsContainer.vue Container render 1`] = `
<div class="h-100">
  <search-input-stub></search-input-stub>
  <!---->
</div>
`;
