// Jest Snapshot v1, https://goo.gl/fbAQLP

exports[`NotFound.vue Component render 1`] = `
<div>
  <v-alert-stub tag="div" value="true" closelabel="$vuetify.close" closeicon="$cancel" icon="mdi-home-alert" type="info">
    There are no clients for that CUT
  </v-alert-stub>
</div>
`;
